pin:10.75.253.102
$PIN_HOME/sys/msgs/reasoncodes/reasons.en_US
/opt/app/brm/7.5/sys/msgs/eradescr/era_descr.en_US
/opt/app/brm/7.5/sys/data/config/config_note_status.xml
/opt/app/brm/7.5/sys/data/config/config_note_type.xml
/opt/app/brm/7.5/sys/msgs/errorcodes/errors.en_US
/opt/app/brm/7.5/sys/msgs/localedescr/locale_descr.en_US
/opt/app/brm/7.5/sys/msgs/paymentchannel/payment_channel.en_US
/opt/app/brm/7.5/sys/msgs/lifecycle_states/lifecycle_states.en_US
/opt/app/brm/7.5/sys/msgs/active_mediation/active_mediation.en_US
/opt/app/brm/7.5/sys/msgs/collections/collections.en_US
/opt/app/brm/7.5/sys/msgs/note/note.en_US
/opt/app/brm/7.5/sys/data/config/bus_params_customer.xml
/opt/app/brm/7.5/sys/data/pricing/example/pin_glchartaccts
/opt/app/brm/7.5/sys/data/pricing/example/pin_glid
/opt/app/brm/7.5/sys/data/pricing/example/pin_rum
/opt/app/brm/7.5/sys/data/pricing/example/pin_usage_map
/opt/app/brm/7.5/sys/data/pricing/example/pin_event_map
/opt/app/brm/7.5/sys/data/pricing/example/pin_beid
/opt/app/brm/7.5/sys/data/config/pin_spec_rates
/opt/app/brm/7.5/sys/data/config/pin_impact_category	 
